[STARTUP] Provider  : sqlite
[STARTUP] ConnString: Data Source={LocalAppData}/TeejoshSystem/inventari...
[18:27:20 ERR] Microsoft.EntityFrameworkCore.Database.Command ù Failed executing DbCommand (1ms) [Parameters=[], CommandType='Text', CommandTimeout='30']
INSERT INTO "ef_temp_tcg" ("product_id", "Discriminator", "expansion_id", "pack_id")
SELECT "product_id", "Discriminator", "expansion_id", "pack_id"
FROM "tcg";
[18:27:20 FTL]  ù La aplicaci¾n termin¾ inesperadamente.
Microsoft.Data.Sqlite.SqliteException (0x80004005): SQLite Error 19: 'NOT NULL constraint failed: ef_temp_tcg.Discriminator'.
   at Microsoft.Data.Sqlite.SqliteException.ThrowExceptionForRC(Int32 rc, sqlite3 db)
   at Microsoft.Data.Sqlite.SqliteDataReader.NextResult()
   at Microsoft.Data.Sqlite.SqliteCommand.ExecuteReader(CommandBehavior behavior)
   at Microsoft.Data.Sqlite.SqliteCommand.ExecuteReader()
   at Microsoft.Data.Sqlite.SqliteCommand.ExecuteNonQuery()
   at Microsoft.EntityFrameworkCore.Storage.RelationalCommand.ExecuteNonQuery(RelationalCommandParameterObject parameterObject)
   at Microsoft.EntityFrameworkCore.Migrations.MigrationCommand.ExecuteNonQuery(IRelationalConnection connection, IReadOnlyDictionary`2 parameterValues)
   at Microsoft.EntityFrameworkCore.Migrations.Internal.MigrationCommandExecutor.ExecuteNonQuery(IEnumerable`1 migrationCommands, IRelationalConnection connection)
   at Microsoft.EntityFrameworkCore.Migrations.Internal.Migrator.Migrate(String targetMigration)
   at Microsoft.EntityFrameworkCore.RelationalDatabaseFacadeExtensions.Migrate(DatabaseFacade databaseFacade)
   at TeejoshSystem.AvaloniaUI.App.OnFrameworkInitializationCompleted() in F:\TRABAJOS DE LA UNJBG CICLO 7\Ingeneria de software II\Feature Migraci¾n a Supabase PostgreSQL + Auth + Storage\TeejoshSystem.AvaloniaUI\App.axaml.cs:line 95
   at Avalonia.AppBuilder.SetupUnsafe()
   at Avalonia.AppBuilder.Setup()
   at Avalonia.AppBuilder.SetupWithLifetime(IApplicationLifetime lifetime)
   at Avalonia.ClassicDesktopStyleApplicationLifetimeExtensions.StartWithClassicDesktopLifetime(AppBuilder builder, String[] args, Action`1 lifetimeBuilder)
   at TeejoshSystem.AvaloniaUI.Program.Main(String[] args) in F:\TRABAJOS DE LA UNJBG CICLO 7\Ingeneria de software II\Feature Migraci¾n a Supabase PostgreSQL + Auth + Storage\TeejoshSystem.AvaloniaUI\Program.cs:line 20
